\BOOKMARK [1][-]{section.1}{\376\377\000O\000r\000i\000e\000n\000t\000a\000t\000i\000o\000n\000:\000\040\000O\000n\000e\000\040\000P\000i\000p\000e\000l\000i\000n\000e\000,\000\040\000T\000h\000r\000e\000e\000\040\000S\000t\000a\000g\000e\000s}{}% 1
\BOOKMARK [1][-]{section.2}{\376\377\000H\000o\000w\000\040\000I\000\040\000R\000u\000n\000\040\000I\000t}{}% 2
\BOOKMARK [2][-]{subsection.2.1}{\376\377\000W\000h\000a\000t\000\040\000t\000h\000e\000\040\000r\000e\000s\000u\000l\000t\000i\000n\000g\000\040\000C\000S\000V\000\040\000l\000o\000o\000k\000s\000\040\000l\000i\000k\000e}{section.2}% 3
\BOOKMARK [1][-]{section.3}{\376\377\000S\000t\000a\000g\000e\000\040\0001\000:\000\040\000D\000e\000s\000i\000g\000n\000i\000n\000g\000\040\000t\000h\000e\000\040\000Q\000u\000e\000s\000t\000i\000o\000n\000s\000\040\000\050\000d\000e\000s\000i\000g\000n\000.\000p\000y\000\051}{}% 4
\BOOKMARK [2][-]{subsection.3.1}{\376\377\000T\000h\000e\000\040\000G\000a\000m\000b\000l\000e\000:\000\040\000o\000n\000e\000\040\000o\000b\000j\000e\000c\000t\000\040\000t\000h\000a\000t\000\040\000h\000o\000l\000d\000s\000\040\000o\000n\000e\000\040\000c\000h\000o\000i\000c\000e}{section.3}% 5
\BOOKMARK [2][-]{subsection.3.2}{\376\377\000M\000a\000n\000u\000f\000a\000c\000t\000u\000r\000i\000n\000g\000\040\000g\000a\000m\000b\000l\000e\000s\000,\000\040\000a\000n\000d\000\040\000w\000h\000y\000\040\000t\000h\000e\000\040\000n\000u\000m\000b\000e\000r\000s\000\040\000a\000r\000e\000\040\000o\000d\000d}{section.3}% 6
\BOOKMARK [2][-]{subsection.3.3}{\376\377\000W\000h\000e\000r\000e\000\040\000t\000h\000e\000\040\000w\000o\000r\000d\000i\000n\000g\000\040\000l\000i\000v\000e\000s\000:\000\040\000t\000h\000e\000\040\000T\000E\000M\000P\000L\000A\000T\000E\000S\000\040\000d\000i\000c\000t\000i\000o\000n\000a\000r\000y}{section.3}% 7
\BOOKMARK [2][-]{subsection.3.4}{\376\377\000D\000e\000s\000c\000r\000i\000b\000i\000n\000g\000\040\000t\000h\000e\000\040\000t\000w\000o\000\040\000o\000p\000t\000i\000o\000n\000s}{section.3}% 8
\BOOKMARK [2][-]{subsection.3.5}{\376\377\000T\000r\000i\000a\000l\000.\000p\000r\000o\000m\000p\000t\000:\000\040\000w\000h\000e\000r\000e\000\040\000a\000\040\000g\000a\000m\000b\000l\000e\000\040\000b\000e\000c\000o\000m\000e\000s\000\040\000t\000h\000e\000\040\000e\000x\000a\000c\000t\000\040\000q\000u\000e\000s\000t\000i\000o\000n}{section.3}% 9
\BOOKMARK [2][-]{subsection.3.6}{\376\377\000b\000u\000i\000l\000d\000\137\000t\000r\000i\000a\000l\000s\000:\000\040\000e\000v\000e\000r\000y\000\040\000g\000a\000m\000b\000l\000e\000,\000\040\000e\000v\000e\000r\000y\000\040\000w\000o\000r\000d\000i\000n\000g\000,\000\040\000b\000o\000t\000h\000\040\000o\000r\000d\000e\000r\000s}{section.3}% 10
\BOOKMARK [1][-]{section.4}{\376\377\000S\000t\000a\000g\000e\000\040\0001\000b\000:\000\040\000T\000h\000e\000\040\000P\000h\000a\000s\000e\000\040\0002\000\040\000W\000o\000r\000d\000i\000n\000g\000\040\000\050\000d\000e\000s\000i\000g\000n\000\137\000p\000h\000a\000s\000e\0002\000.\000p\000y\000\051}{}% 11
\BOOKMARK [2][-]{subsection.4.1}{\376\377\000f\000r\000a\000m\000e\000d\000\137\000o\000p\000t\000i\000o\000n\000s\000:\000\040\000o\000n\000e\000\040\000g\000a\000m\000b\000l\000e\000,\000\040\000f\000o\000u\000r\000\040\000s\000e\000t\000s\000\040\000o\000f\000\040\000w\000o\000r\000d\000s}{section.4}% 12
\BOOKMARK [2][-]{subsection.4.2}{\376\377\000P\000h\000a\000s\000e\0002\000T\000r\000i\000a\000l\000.\000p\000r\000o\000m\000p\000t\000:\000\040\000s\000a\000m\000e\000\040\000s\000l\000o\000t\000t\000i\000n\000g\000,\000\040\000f\000r\000a\000m\000i\000n\000g\000-\000a\000w\000a\000r\000e}{section.4}% 13
\BOOKMARK [2][-]{subsection.4.3}{\376\377\000S\000e\000e\000i\000n\000g\000\040\000o\000n\000e\000\040\000p\000r\000o\000m\000p\000t\000\040\000p\000e\000r\000\040\000f\000r\000a\000m\000e}{section.4}% 14
\BOOKMARK [1][-]{section.5}{\376\377\000S\000t\000a\000g\000e\000\040\0002\000:\000\040\000A\000s\000k\000i\000n\000g\000\040\000t\000h\000e\000\040\000M\000o\000d\000e\000l\000\040\000\050\000h\000a\000r\000n\000e\000s\000s\000.\000p\000y\000\051}{}% 15
\BOOKMARK [2][-]{subsection.5.1}{\376\377\000R\000e\000a\000d\000i\000n\000g\000\040\000t\000h\000e\000\040\000A\000P\000I\000\040\000k\000e\000y\000\040\000w\000i\000t\000h\000o\000u\000t\000\040\000h\000a\000r\000d\000-\000c\000o\000d\000i\000n\000g\000\040\000i\000t}{section.5}% 16
\BOOKMARK [2][-]{subsection.5.2}{\376\377\000F\000o\000r\000c\000i\000n\000g\000\040\000a\000\040\000c\000l\000e\000a\000n\000\040\000a\000n\000s\000w\000e\000r\000:\000\040\000t\000h\000e\000\040\000c\000h\000o\000i\000c\000e\000\040\000t\000o\000o\000l}{section.5}% 17
\BOOKMARK [2][-]{subsection.5.3}{\376\377\000C\000l\000a\000u\000d\000e\000A\000g\000e\000n\000t\000.\000c\000h\000o\000o\000s\000e\000:\000\040\000o\000n\000e\000\040\000q\000u\000e\000s\000t\000i\000o\000n\000,\000\040\000o\000n\000e\000\040\000f\000r\000e\000s\000h\000\040\000c\000o\000n\000v\000e\000r\000s\000a\000t\000i\000o\000n}{section.5}% 18
\BOOKMARK [2][-]{subsection.5.4}{\376\377\000T\000h\000e\000\040\000f\000a\000k\000e\000\040\000d\000e\000c\000i\000d\000e\000r\000\040\000f\000o\000r\000\040\000d\000r\000y\000\040\000r\000u\000n\000s}{section.5}% 19
\BOOKMARK [2][-]{subsection.5.5}{\376\377\000r\000u\000n\000:\000\040\000t\000h\000e\000\040\000l\000o\000o\000p\000\040\000t\000h\000a\000t\000\040\000w\000r\000i\000t\000e\000s\000\040\000t\000h\000e\000\040\000C\000S\000V}{section.5}% 20
\BOOKMARK [1][-]{section.6}{\376\377\000S\000t\000a\000g\000e\000\040\0003\000:\000\040\000F\000i\000t\000t\000i\000n\000g\000\040\000t\000h\000e\000\040\000M\000a\000t\000h\000\040\000t\000o\000\040\000t\000h\000e\000\040\000A\000n\000s\000w\000e\000r\000s\000\040\000\050\000e\000s\000t\000i\000m\000a\000t\000e\000\137\000c\000r\000r\000a\000.\000p\000y\000\051}{}% 21
\BOOKMARK [2][-]{subsection.6.1}{\376\377\000T\000h\000e\000\040\000u\000t\000i\000l\000i\000t\000y\000\040\000f\000u\000n\000c\000t\000i\000o\000n\000\040\000a\000n\000d\000\040\000t\000h\000e\000\040\000c\000h\000o\000i\000c\000e\000\040\000p\000r\000o\000b\000a\000b\000i\000l\000i\000t\000y}{section.6}% 22
\BOOKMARK [2][-]{subsection.6.2}{\376\377\000S\000c\000o\000r\000i\000n\000g\000\040\000a\000\040\000g\000u\000e\000s\000s\000:\000\040\000n\000e\000g\000a\000t\000i\000v\000e\000\040\000l\000o\000g\000-\000l\000i\000k\000e\000l\000i\000h\000o\000o\000d}{section.6}% 23
\BOOKMARK [2][-]{subsection.6.3}{\376\377\000S\000e\000a\000r\000c\000h\000i\000n\000g\000\040\000f\000o\000r\000\040\000t\000h\000e\000\040\000b\000e\000s\000t\000\040\000f\000i\000t}{section.6}% 24
\BOOKMARK [2][-]{subsection.6.4}{\376\377\000T\000h\000e\000\040\000g\000u\000a\000r\000d\000r\000a\000i\000l\000s\000:\000\040\000s\000a\000n\000i\000t\000y\000\040\000c\000h\000e\000c\000k\000s}{section.6}% 25
\BOOKMARK [1][-]{section.7}{\376\377\000S\000t\000a\000g\000e\000\040\0003\000,\000\040\000C\000o\000n\000t\000i\000n\000u\000e\000d\000:\000\040\000T\000h\000e\000\040\000R\000i\000c\000h\000e\000r\000\040\000M\000o\000d\000e\000l\000\040\000\050\000e\000s\000t\000i\000m\000a\000t\000e\000\137\000c\000p\000t\000.\000p\000y\000\051}{}% 26
\BOOKMARK [2][-]{subsection.7.1}{\376\377\000T\000h\000e\000\040\000P\000r\000e\000l\000e\000c\000\040\000p\000r\000o\000b\000a\000b\000i\000l\000i\000t\000y\000-\000w\000e\000i\000g\000h\000t\000i\000n\000g\000\040\000f\000u\000n\000c\000t\000i\000o\000n}{section.7}% 27
\BOOKMARK [2][-]{subsection.7.2}{\376\377\000T\000h\000r\000e\000e\000\040\000m\000o\000d\000e\000l\000s\000,\000\040\000o\000n\000e\000\040\000c\000o\000n\000t\000e\000s\000t}{section.7}% 28
\BOOKMARK [1][-]{section.8}{\376\377\000F\000o\000l\000l\000o\000w\000\040\000O\000n\000e\000\040\000C\000h\000o\000i\000c\000e\000\040\000A\000l\000l\000\040\000t\000h\000e\000\040\000W\000a\000y\000\040\000T\000h\000r\000o\000u\000g\000h}{}% 29
\BOOKMARK [1][-]{section.9}{\376\377\000T\000r\000y\000\040\000I\000t\000\040\000Y\000o\000u\000r\000s\000e\000l\000f}{}% 30
